a ltttl flllf f...f t...t
b ftttl flllt f...f tttt.
c ltttl f.... f...l .ttt.
d fttl. f...f f..lt ttt..
e ftttt flll. f.... ttttt
f ftttt flll. f.... t....
g ltttl f.lll f...f .tttt
h f...f flllf f...f t...t
i .tft. ..f.. ..f.. .ttt.
j ..tft ...f. l..f. .tt..
k f..lt flt.. f.tl. t...t
l f.... f.... f.... ttttt
m fl.lf f.t.f f...f t...t
n f...f ftl.f f..tf t...t
o ltttl f...f f...f .ttt.
p ftttl flllt f.... t....
q ltttl f...f f.tlt .tt.t
r ftttl flllt f.tl. t...t
s ltttl tlll. l...f .ttt.
t ttftt ..f.. ..f.. ..t..
u f...f f...f f...f .ttt.
v f...f f...f tl.lt ..t..
w f...f f.l.f f.f.f .t.t.
x f...f .tlt. lt.tl t...t
y f...f tl.lt ..f.. ..t..
z ttttf ..lt. lt... ttttt
0 lttfl f.ltf flt.f .ttt.
1 .lf.. ..f.. ..f.. .ttt.
2 ltttl ...lt .lt.. ttttt
3 tttft ..tl. l...f .ttt.
4 ..lf. lt.f. tttft ...t.
5 ftttt ttttl l...f .ttt.
6 .ltt. flll. f...f .ttt.
7 ttttf ..lt. ..f.. ..t..
8 ltttl tlllt f...f .ttt.
9 ltttl tlllf ...lt .tt..
~
! ..f.. ..f.. ..t.. ..t..
@
#
$ .lfll tlfl. llflt ..t..
%
^ .ltl. t...t ..... .....
&
* ..l.. tlflt t.f.t .....
( ..lt. .f... .tl.. ...t.
) .tl.. ...f. ..lt. .t...
- ..... .lll. ..... .....
+ ..l.. llfll ..f.. .....
{
}
| ..f.. ..f.. ..f.. ..t..
[ .ftt. .f... .f... .ttt.
] .ttf. ...f. ...f. .ttt.
\ .f... ..f.. ..tl. ...t.
: .ll.. .tt.. .ll.. .tt..
" .f.f. .t.t. ..... .....
; .ll.. .tt.. .tf.. .t...
' .f... ..... ..... .....
< ...l. .lt.. ..tl. .....
> .l... ..tl. .lt.. .....
? ltttl ...lt ..t.. ..t..
, ..... ..... .tf.. .t...
. ..... ..... .ff.. .....
/ ...f. ..f.. .lt.. .t...

vim:ft=map
